// Jest Snapshot v1, https://goo.gl/fbAQLP

exports[`App component renders without crashing 1`] = `
<div>
  <Connect(AddTodo) />
  <Connect(TodoList) />
  <Footer />
</div>
`;
