// Jest Snapshot v1, https://goo.gl/fbAQLP

exports[`Link component renders without crashing 1`] = `
<button
  style={
    Object {
      "marginLeft": "4px",
    }
  }
/>
`;
