// Jest Snapshot v1, https://goo.gl/fbAQLP

exports[`App component renders without crashing 1`] = `
<ul>
  <Todo
    completed={false}
    id={0}
    key="0"
    onClick={[Function]}
    text="Test AddTodo"
  />
  <Todo
    completed={true}
    id={1}
    key="1"
    onClick={[Function]}
    text="Test AddTodo"
  />
</ul>
`;
